seq1	GTCGATGTCACCGGCACGACCGTCGGCAAGGGTTTTGCCGGCACCATGAAGCGCCACAAC	GTCGATGTCACCGGCACCACCATCGGCAAGGGCTTCGCCGGCACCATAAAGCGCCACAAC	5	60
seq1	GTCGATGTCACCGGCACGACCGTCGGCAAGGGTTTTGCCGGCACCATGAAGCGCCACAAC	GTCGATGTCACCGGCACGACCGTCGGCAAGGGTTTTGCCGGCACCATGAAGCGCCACAAC	0	60
seq2	GTCGATGTCTGCGGCACCTCGATCGGCAAGGGCTTTGCCGGCGGCATGAAGCGCTGGAAC	GTCGACGTCTGCGGCACCTCGATCGGCAAGGGCTTTGCCGGTGGCATGAAGCGCTGGAAT	3	60
seq2	GTCGATGTCTGCGGCACCTCGATCGGCAAGGGCTTTGCCGGCGGCATGAAGCGCTGGAAC	GTCGATGTCTGCGGCACCTCGATCGGCAAGGGCTTTGCCGGCGGCATGAAGCGCTGGAAC	0	60
seq3	GTCGACGTGCAGGGCGTATCAATCGGCAAGGGATATGCGGGTGTCATCAAGCGCTACCAT	GTCGACGTGCAGGGCGTATCAATCGGCAAGGGATATGCGGGTGTCATCAAGCGCTACCAT	0	60
seq4	GTGGACGTCAGCGGCGGCAGCAAGGGTAAAGGCTTTGCAGGCGGCGTGAAGCGCTGGCAT	GTGGACGTCAGCGGCGGCAGCAAGGGTAAAGGCTTTGCAGGCGGCGTGAAGCGCTGGCAT	0	60
seq5	GTCGCCGTTTCCGGAACTTCAAAAGGAAAAGGTTTCCAAGGTGTTATCAAGCGTTACAAC	GTCGCCGTTTCCGGAACTTCAAAAGGAAAAGGTTTCCAAGGTGTTATCAAGCGTTACAAC	0	60
seq6	ATTGATGTGATTGGAACAACCAAGGGTAAGGGATTCAAGGGTGTGGTGTCTAGATGGGGA	ATTGATGTGATTGGAACAACCAAGGGTAAGGGATTCAAGGGTGTGGTGTCTAGATGGGGA	0	60
seq7	GTGAATGTAATAGGGGTTTCAAAAGGAAAAGGTTTTCAGGGCGTGGTTAAGCGCCACGGT	GTGAATGTAATAGGGGTTTCAAAAGGAAAAGGTTTTCAGGGCGTGGTTAAGCGCCACGGT	0	60
seq8	GTCGACATCACGGGCGTTTCGAAGGGCAAGGGCTTTGCCGGGCACATCAAGCGCCACCAC	GTCGACATCACGGGCGTTTCGAAGGGCAAGGGCTTTGCCGGGCACATCAAGCGCCACCAC	0	60
seq9	GTCAAAGTGACAGGCACCTCGAAAGGCAAAGGTTTTGCCGGCGTCGTGAAGCGGTTCCAC	GTCAAAGTGACAGGCACCTCGAAAGGCAAAGGTTTTGCCGGCGTCGTGAAGCGGTTCCAC	0	60
seq10	ATCGACGTGACCGGCGTGAGCCAGGGCAAGGGGTTCTCCGGACAGCACAAGCGCCACAAC	ATCGACGTGACCGGCGTGAGCCAGGGCAAGGGGTTCTCCGGACAGCACAAGCGCCACAAC	0	60
seq10	ATCGACGTGACCGGCGTGAGCCAGGGCAAGGGGTTCTCCGGACAGCACAAGCGCCACAAC	ATCGACGTGACCGGTGTGAGCCAGGGCAAGGGGTTCTCCGGACAGCGCAAACGGCACAAC	4	60
seq11	ATAAACATCAAAGGCGTATCAAAAGGAAAAGGTTTTCAGGGTGTTGTAAAACGCCACGGG	ATAAACATCAAAGGCGTATCAAAAGGAAAAGGTTTTCAGGGTGTTGTAAAACGCCACGGG	0	60
seq12	GTCGACGTCACCGGAACAACCAAGGGCAAGGGATTTGCGGGCGTCATAAGCCGCCACCAC	GTCGACGTCACCGGAACAACCAAGGGCAAGGGATTTGCGGGCGTCATAAGCCGCCACCAC	0	60
seq13	GTCGACGTGACCGGCAAGTCCAAGGGCAAGGGCTTCGCGGGCGTTATGAAGCGGCACGGC	GTCGACGTGACCGGCAAGTCCAAGGGCAAGGGCTTCGCGGGCGTTATGAAGCGGCACGGC	0	60
seq14	GTCGACGCGCGCGGCACCACGCGCGGCCGCGGGTTTACCGGCGTCATGCGCCGCTGGAAC	GTCGACGCGCGCGGCACCACGCGCGGCCGCGGGTTTACCGGCGTCATGCGCCGCTGGAAC	0	60
seq15	GTCGACGTGCAGGGCACGAGCAAGGGTCGCGGGTTTGCGGGCGTGGTGCGGCGGCACAAT	GTCGACGTGCAGGGCACGAGCAAGGGTCGCGGGTTTGCGGGCGTGGTGCGGCGGCACAAT	0	60
seq16	GTCGCCGCCATCGCCGTGTCCAAGGGCAAGGGCTTCGCCGGTGCCATGAAGCGGCACAAC	GTCGCCGCCATCGCCGTGTCCAAGGGCAAGGGCTTCGCCGGTGCCATGAAGCGGCACAAC	0	60
seq16	GTCGCCGCCATCGCCGTGTCCAAGGGCAAGGGCTTCGCCGGTGCCATGAAGCGGCACAAC	GTGGACGCCATCGCCGTGTCCAAGGGCAAGGGCTTCACCGGCGCCATGAAGCGCCACAAC	5	60
seq17	GTCGATGTCACCGGCACCACCATCGGCAAGGGCTTCGCCGGCACCATAAAGCGCCACAAC	GTCGATGTCACCGGCACCACCATCGGCAAGGGCTTCGCCGGCACCATAAAGCGCCACAAC	0	60
seq17	GTCGATGTCACCGGCACCACCATCGGCAAGGGCTTCGCCGGCACCATAAAGCGCCACAAC	GTCGATGTCACCGGCACGACCGTCGGCAAGGGTTTTGCCGGCACCATGAAGCGCCACAAC	5	60
seq18	GTCGATGTGACGGGCACCACGGTCGGCAAGGGTTTTGCCGGCACAATCAAGCGCCACAAT	GTCGATGTGACGGGCACCACGGTCGGCAAGGGTTTTGCCGGCACAATCAAGCGCCACAAT	0	60
seq19	ATCGACGCGACGGCCGTCGCCAAGGGCAAGGGCTTCGCCGGTGCCATGAAACGCCACAAC	ATCGACGCGACGGCCGTCGCCAAGGGCAAGGGCTTCGCCGGTGCCATGAAACGCCACAAC	0	60
seq20	GTCGACGTCGTCGGCACCACGATCGGCCGCGGTTTCACCGGCTCCATGGTGCGCTGGAAC	GTCGACGTCGTCGGCACCACGATCGGCCGCGGTTTCACCGGCTCCATGGTGCGCTGGAAC	0	60
seq21	GTCGATGTGGCGGGCGTGACGGGCGGCAAGGGCTTTGCCGGCGCTATGAAGCGCTGGAAC	GTCGATGTGGCGGGCGTGACGGGCGGCAAGGGCTTTGCCGGCGCTATGAAGCGCTGGAAC	0	60
seq22	GTCGATGCAACGGCAACATCCAAAGGTAAAGGTTATCAGGGCGTTATGAAACGTCATAAC	GTCGATGCAACGGCAACATCCAAAGGTAAAGGTTATCAGGGCGTTATGAAACGTCATAAC	0	60
seq23	GTCGATGTAGTAGGAACATCCAAAGGAAAAGGTTTTCAGGGTGTTGTGAAACGTCACGGC	GTCGATGTAGTAGGAACATCCAAAGGAAAAGGTTTTCAGGGTGTTGTGAAACGTCACGGC	0	60
seq24	ATCGACGTGGTCGGGACGACCAAGGGCAAGGGCTACCAGGGTGTCATGAAGCGCCACAAG	ATCGACGTGGTCGGGACGACCAAGGGCAAGGGCTACCAGGGTGTCATGAAGCGCCACAAG	0	60
seq25	GTCGACGTCCAAGGGATCTCGAAGGGCCACGGCTTCGCCGGCGGCATCAAGCGCCCCAAT	GTCGACGTCCAAGGGATCTCGAAGGGCCACGGCTTCGCCGGCGGCATCAAGCGCCCCAAT	0	60
seq26	GTCGACGTGACGGGCATCACGATCGGTCGCGGTTTCACCGGCGCGATGAAGCGCTGGAAT	GTCGACGTGACGGGCATCACGATCGGTCGCGGTTTCACCGGCGCGATGAAGCGCTGGAAT	0	60
seq27	GTAGACGTGATCGGCGTCAGTAAGGGCCGCGGCATAGCCGGCGTGGTTAAGAGCCATCAT	GTAGACGTGATCGGCGTCAGTAAGGGCCGCGGCATAGCCGGCGTGGTTAAGAGCCATCAT	0	60
seq28	GTTGATGTCACGGGCACAAGCAAAGGCCGCGGCACGGCCGGCGTCATGCGACGGCACAAC	GTTGATGTCACGGGCACAAGCAAAGGCCGCGGCACGGCCGGCGTCATGCGACGGCACAAC	0	60
seq29	GTGGACGCCATATCGGTCTCGAAGGGCAAGGGTTTCGCCGGTGGCATGAGGCGCCACAAC	GTGGACGCCATATCGGTCTCGAAGGGCAAGGGTTTCGCCGGTGGCATGAGGCGCCACAAC	0	60
seq30	GTCGATGCCATCGGCGTCACCAAAGGCCGCGGATTTGAAGGGGTGATGAAGCGCCACAAT	GTCGATGCCATCGGCGTCACCAAAGGCCGCGGATTTGAAGGGGTGATGAAGCGCCACAAT	0	60
seq31	GTTGACGTCGTGGGCCAGTCCAAGGGCCGCGGTTTTGCCGGCGTTGTGCGCCGCCATGGC	GTTGACGTCGTGGGCCAGTCCAAGGGCCGCGGTTTTGCCGGCGTTGTGCGCCGCCATGGC	0	60
seq32	GTCGACGTCGTCGGCATCTCGAAAGGCCACGGCTTTGCGGGCGGCATCAAACGTCACAAC	GTCGACGTCGTCGGCATCTCGAAAGGCCACGGCTTTGCGGGCGGCATCAAACGTCACAAC	0	60
seq33	GTGGACGTGGTCGGGATCAGTAAGGGCAAGGGCTTTGCCGGCGTTGTGAAGCGGCATCAC	GTGGACGTGGTCGGGATCAGTAAGGGCAAGGGCTTTGCCGGCGTTGTGAAGCGGCATCAC	0	60
seq34	GTCGATGTCACCGCCATCTCCAAAGGCAAGGGCTTTGCCGGTGGAATGAAGCGCCACAAC	GTCGATGTCACCGCCATCTCCAAAGGCAAGGGCTTTGCCGGTGGAATGAAGCGCCACAAC	0	60
seq35	ATCGACGTGACCGGTGTGAGCCAGGGCAAGGGGTTCTCCGGACAGCGCAAACGGCACAAC	ATCGACGTGACCGGCGTGAGCCAGGGCAAGGGGTTCTCCGGACAGCACAAGCGCCACAAC	4	60
seq35	ATCGACGTGACCGGTGTGAGCCAGGGCAAGGGGTTCTCCGGACAGCGCAAACGGCACAAC	ATCGACGTGACCGGTGTGAGCCAGGGCAAGGGGTTCTCCGGACAGCGCAAACGGCACAAC	0	60
seq36	GTCGACGTCTGCGGCACCTCGATCGGCAAGGGCTTTGCCGGTGGCATGAAGCGCTGGAAT	GTCGACGTCTGCGGCACCTCGATCGGCAAGGGCTTTGCCGGTGGCATGAAGCGCTGGAAT	0	60
seq36	GTCGACGTCTGCGGCACCTCGATCGGCAAGGGCTTTGCCGGTGGCATGAAGCGCTGGAAT	GTCGATGTCTGCGGCACCTCGATCGGCAAGGGCTTTGCCGGCGGCATGAAGCGCTGGAAC	3	60
seq37	ATCAAGATCTCCGGCATCTCGAAGGGCAAGGGCTTCCAGGGCACCGTCAAGCGCCACAAC	ATCAAGATCTCCGGCATCTCGAAGGGCAAGGGCTTCCAGGGCACCGTCAAGCGCCACAAC	0	60
seq38	ATCGACGTCATCGGCCATTCGAAGGGCAAAGGCTTCCAGGGCATCATGCGCAAGCACAAT	ATCGACGTCATCGGCCATTCGAAGGGCAAAGGCTTCCAGGGCATCATGCGCAAGCACAAT	0	60
seq39	GTAGATGTGATTGGCACCTCCAAGGGCCGTGGTTTTGCTGGTGTTGTTCGCCGTCACGGA	GTAGATGTGATTGGCACCTCCAAGGGCCGTGGTTTTGCTGGTGTTGTTCGCCGTCACGGA	0	60
seq40	GTAGTCGTAGTTGGCACCTCAAAAGGAAAAGGATTCCAGGGGGTTGTCAAACGTCATCAT	GTAGTCGTAGTTGGCACCTCAAAAGGAAAAGGATTCCAGGGGGTTGTCAAACGTCATCAT	0	60
seq41	ATTGACGCCATCGGCACGACCAAAGGCCGCGGCTTTGAAGGCGTCGTCAAACGCCATCGC	ATTGACGCCATCGGCACGACCAAAGGCCGCGGCTTTGAAGGCGTCGTCAAACGCCATCGC	0	60
seq42	GTGGACGTGACCGGCACGAGCAAGGGCAAGGGATTTCAAGGCGGCGTGAAGCGCTGGCAC	GTGGACGTGACCGGCACGAGCAAGGGCAAGGGATTTCAAGGCGGCGTGAAGCGCTGGCAC	0	60
seq43	GTCGACGTGATCGGCGTTTCGAAAGGCCGCGGCTTCGCGGGCGTGGTCAAGCGGCACCAT	GTCGACGTGATCGGCGTTTCGAAAGGCCGCGGCTTCGCGGGCGTGGTCAAGCGGCACCAT	0	60
seq44	GTCATGGTCTCGGGGACGTCGAAGGGCAAGGGTTTTCAGGGAACCGTCAAGCGCCACCGC	GTCATGGTCTCGGGGACGTCGAAGGGCAAGGGTTTTCAGGGAACCGTCAAGCGCCACCGC	0	60
seq45	GTCGACGTCACCGACACCAGCATCGGCAAGGGCTATGCCGGCGGCATGAAGCGATGGAAT	GTCGACGTCACCGACACCAGCATCGGCAAGGGCTATGCCGGCGGCATGAAGCGATGGAAT	0	60
seq46	GTGGACGTCCAGGGCGTCACCAAGGGCCACGGCTTTACCGGCGCCATGAAGCGCTGGAAT	GTGGACGTCCAGGGCGTCACCAAGGGCCACGGCTTTACCGGCGCCATGAAGCGCTGGAAT	0	60
seq47	GTGTACGTGACCGGCCGGAGCAAGGGCAAGGGCTTTGCGGGTGTCATGAAGCGGCACTTG	GTGTACGTGACCGGCCGGAGCAAGGGCAAGGGCTTTGCGGGTGTCATGAAGCGGCACTTG	0	60
seq48	GTCGATGTCACCGGCACCACGGTGGGGAAGGGCTTCGCCGGCACCATCAAGCGCCATAAC	GTCGATGTCACCGGCACCACGGTGGGGAAGGGCTTCGCCGGCACCATCAAGCGCCATAAC	0	60
seq49	GTCGATGTGATTGGAACGAGCAAGGGCCATGGCTATCAAGGTGTGGTGAAGCGGCATCAC	GTCGATGTGATTGGAACGAGCAAGGGCCATGGCTATCAAGGTGTGGTGAAGCGGCATCAC	0	60
seq50	GTGGATGTGGTTGGCACCTCCAAGGGCCGTGGATTCGCAGGCGTAGTTCGCCGTCACGGG	GTGGATGTGGTTGGCACCTCCAAGGGCCGTGGATTCGCAGGCGTAGTTCGCCGTCACGGG	0	60
seq51	GTCGACGTCATCGGGACCAGCATCGGCAAGGGCTTTGCCGGCGGCATGAAGCGGCACAAT	GTCGACGTCATCGGGACCAGCATCGGCAAGGGCTTTGCCGGCGGCATGAAGCGGCACAAT	0	60
seq52	GTCGACGTATCGGGCATCACCGTCGGCAAGGGCTTCGCCGGCGCCATCAAGCGATGGAAT	GTCGACGTATCGGGCATCACCGTCGGCAAGGGCTTCGCCGGCGCCATCAAGCGATGGAAT	0	60
seq53	GTGGATGCGAGAGCTAATTGCAGGGGAATGGGCTTCGAAGGTGGCATGAAGAGGCATGGA	GTGGATGCGAGAGCTAATTGCAGGGGAATGGGCTTCGAAGGTGGCATGAAGAGGCATGGA	0	60
seq54	GTCGACGTCATCGGCGTCTCCAAGGGCAAAGGCTTCCAGGGCCCGGTGAAAAGGCACAAT	GTCGACGTCATCGGCGTCTCCAAGGGCAAAGGCTTCCAGGGCCCGGTGAAAAGGCACAAT	0	60
seq55	GTGGACGTCACCGGAGTCAGCAAAGGCAAGGGTTTTCAAGGCGGCGTGAAACGCTGGCAC	GTGGACGTCACCGGAGTCAGCAAAGGCAAGGGTTTTCAAGGCGGCGTGAAACGCTGGCAC	0	60
seq56	GAGGACGTATCGGGGATTACCATCGGCAAGGGCTTCCAGGGCGGAATAAAGCGCCACCAC	GAGGACGTATCGGGGATTACCATCGGCAAGGGCTTCCAGGGCGGAATAAAGCGCCACCAC	0	60
seq57	GTTGACGTCATCGGTACCTCGAAGGGTCGCGGTTTTGCCGGCGTCATTCGCCGCCATGGT	GTTGACGTCATCGGTACCTCGAAGGGTCGCGGTTTTGCCGGCGTCATTCGCCGCCATGGT	0	60
seq58	GTGGACGTGCAGGGTGTCACGAAGGGCCGCGGTTTCACCGGTGCGATGAAGCGCTGGAAT	GTGGACGTGCAGGGTGTCACGAAGGGCCGCGGTTTCACCGGTGCGATGAAGCGCTGGAAT	0	60
seq59	GTAGATGTGACTTCGACCTGTAAAGGCCGTGGTTTTTCTGGGGTGATTAAAAGACATAAT	GTAGATGTGACTTCGACCTGTAAAGGCCGTGGTTTTTCTGGGGTGATTAAAAGACATAAT	0	60
seq60	GTCGACATCGTCGGCGAGGGGCGCGGCAAGGGCTTCCAGGGCGTCGTCAAGCGGCATCAC	GTCGACATCGTCGGCGAGGGGCGCGGCAAGGGCTTCCAGGGCGTCGTCAAGCGGCATCAC	0	60
seq61	GTGAGTGCTACCGGGATCAGTAAAGGTAAGGGTTGGGCTGGAGCCATCAAAAGGCATAAC	GTGAGTGCTACCGGGATCAGTAAAGGTAAGGGTTGGGCTGGAGCCATCAAAAGGCATAAC	0	60
seq62	GTGAAGATCTCCGGTACGTCAAAGGGCAAGGGCTTTCAGGGCACCGTCAAGCGCCACAAA	GTGAAGATCTCCGGTACGTCAAAGGGCAAGGGCTTTCAGGGCACCGTCAAGCGCCACAAA	0	60
seq63	ATCGATGCCATTGCTGTTACGAAAGGTCACGGATTCCAAGGTGTTACAAGCCGATGGGGA	ATCGATGCCATTGCTGTTACGAAAGGTCACGGATTCCAAGGTGTTACAAGCCGATGGGGA	0	60
seq64	GTGGACGCCATCGCCGTGTCCAAGGGCAAGGGCTTCACCGGCGCCATGAAGCGCCACAAC	GTGGACGCCATCGCCGTGTCCAAGGGCAAGGGCTTCACCGGCGCCATGAAGCGCCACAAC	0	60
seq64	GTGGACGCCATCGCCGTGTCCAAGGGCAAGGGCTTCACCGGCGCCATGAAGCGCCACAAC	GTCGCCGCCATCGCCGTGTCCAAGGGCAAGGGCTTCGCCGGTGCCATGAAGCGGCACAAC	5	60
seq65	CTTGACGTTACCGGCGTCAGCAACCGCAAGGACTTCGAAGGCGGCATGAACCGCTCCAAT	CTTGACGTTACCGGCGTCAGCAACCGCAAGGACTTCGAAGGCGGCATGAACCGCTCCAAT	0	60
seq66	GTGGATGTCCGCGGCACAAGCAAGGGCAAGGGCTTTCAGGGCGGCGTGAAGCGCTGGCAC	GTGGATGTCCGCGGCACAAGCAAGGGCAAGGGCTTTCAGGGCGGCGTGAAGCGCTGGCAC	0	60
seq67	GTCGACGCTCAGGGCATCACGCGCGGCCGCGGCTTCAGCGGCTTCGTGCGCCGGTTGAGC	GTCGACGCTCAGGGCATCACGCGCGGCCGCGGCTTCAGCGGCTTCGTGCGCCGGTTGAGC	0	60
seq68	GTCGAAGTCTCAGGCATTTCTAAGGGTAAGGGCTTCCAGGGAGTTGTGAAGAGACATAAG	GTCGAAGTCTCAGGCATTTCTAAGGGTAAGGGCTTCCAGGGAGTTGTGAAGAGACATAAG	0	60
seq69	GTCGACGTCATCGGCGTCTCGAAAGGCAAAGGTTTCCAGGGCCCGATGAAGAAGCACAAT	GTCGACGTCATCGGCGTCTCGAAAGGCAAAGGTTTCCAGGGCCCGATGAAGAAGCACAAT	0	60
seq70	ATTGATGTGCGCGGCAAGTCGATAGGCAAAGGCTTCCAGGGCACAATCAAGCGCTTTAAC	ATTGATGTGCGCGGCAAGTCGATAGGCAAAGGCTTCCAGGGCACAATCAAGCGCTTTAAC	0	60
seq71	GTCGATGTCGTGGGCACGGGGCGCGGTAAAGGCTTTCAGGGCGTCGTGAAGCGGCATCAC	GTCGATGTCGTGGGCACGGGGCGCGGTAAAGGCTTTCAGGGCGTCGTGAAGCGGCATCAC	0	60
seq72	GTCGACGTCATCGGCACCAGCAAGGGCCACGGCACCACCGGCTCGATGCAGCGTCACGGT	GTCGACGTCATCGGCACCAGCAAGGGCCACGGCACCACCGGCTCGATGCAGCGTCACGGT	0	60
seq73	GTCGATCTGACGGCGATCAGCAAAGGAAAAGGCTTCCAGGGCGGCATGAAACGCTTTCAC	GTCGATCTGACGGCGATCAGCAAAGGAAAAGGCTTCCAGGGCGGCATGAAACGCTTTCAC	0	60
seq74	GTCGACGTCGTCGGAACCTCGAAAGGCCGCGGTTTTGCCGGTGTCGTTCGCCGGCACGGC	GTCGACGTCGTCGGAACCTCGAAAGGCCGCGGTTTTGCCGGTGTCGTTCGCCGGCACGGC	0	60
seq75	GTAGACGTGATCGGCACCTCGAAAGGTCGCGGTTTTGCTGGCGTCGTGCGCAGGCATGGA	GTAGACGTGATCGGCACCTCGAAAGGTCGCGGTTTTGCTGGCGTCGTGCGCAGGCATGGA	0	60
seq76	ATTGATGCGATCGGCGTCACCAAGGGCCGTGGATTCGAGGGCGTAGTGAACCCCCATCAT	ATTGATGCGATCGGCGTCACCAAGGGCCGTGGATTCGAGGGCGTAGTGAACCCCCATCAT	0	60
seq77	GTCGATGTGATCGGCAATTCCAAGGGACGTGGGTTCGCAGGAGTAGTTCGACGTCACGGT	GTCGATGTGATCGGCAATTCCAAGGGACGTGGGTTCGCAGGAGTAGTTCGACGTCACGGT	0	60
seq78	GTCGACGTTGTCGGGGTTTCCAAAGGCCACGGGTTCTCCGGGGCCATCAAACGTCATAAC	GTCGACGTTGTCGGGGTTTCCAAAGGCCACGGGTTCTCCGGGGCCATCAAACGTCATAAC	0	60
seq79	GTGGATGTGATCGGCACGAGCAAAGGCAAGGGCACCGCCGGCGTCATGAAACGCCATCAT	GTGGATGTGATCGGCACGAGCAAAGGCAAGGGCACCGCCGGCGTCATGAAACGCCATCAT	0	60
seq80	GTAGATGTGGTTGGGACTTCAAAAGGTAAGGGTTTCCAGGGTGTTGAAAAACGCAATCTT	GTAGATGTGGTTGGGACTTCAAAAGGTAAGGGTTTCCAGGGTGTTGAAAAACGCAATCTT	0	60
seq81	GTCGACGTAACCGGCACCACGTTGGGTAAGGGTTTTGCCGGCACCATGAAGCGGCACAAC	GTCGACGTAACCGGCACCACGTTGGGTAAGGGTTTTGCCGGCACCATGAAGCGGCACAAC	0	60
seq82	GTTGATGTACTTGGCCAGACAATTGGTCGCGGTTTTCAGGGTGTGGTTAAGCGTCACAAT	GTTGATGTACTTGGCCAGACAATTGGTCGCGGTTTTCAGGGTGTGGTTAAGCGTCACAAT	0	60
seq83	GTCGACGTGATTGGCACCAGCAAGGGTCGCGGGTTTGCCGGCGTAGTGCGCCGCCATCAC	GTCGACGTGATTGGCACCAGCAAGGGTCGCGGGTTTGCCGGCGTAGTGCGCCGCCATCAC	0	60
seq84	GTGGACGTAATTGGCACCTCGAAGGGCCGCGGCTTTGCGGGTGTGGTGCGCCGGCACGGG	GTGGACGTAATTGGCACCTCGAAGGGCCGCGGCTTTGCGGGTGTGGTGCGCCGGCACGGG	0	60
seq85	GTCGACATCATCGGCACCGGGCGTGGCAAGGGGTTTCAAGGCGTCGTCAGGCGTCATCAT	GTCGACATCATCGGCACCGGGCGTGGCAAGGGGTTTCAAGGCGTCGTCAGGCGTCATCAT	0	60
seq86	GTCGATGTGACCGGTACGACGGTCGGCAAGGGTTTCGCAGGCACCATCAAGCGCCACAAC	GTCGATGTGACCGGTACGACGGTCGGCAAGGGTTTCGCAGGCACCATCAAGCGCCACAAC	0	60
seq87	GTGGACGTTGTGGGCGTCAGCAAAGGCCGCGGCTTTGCGAGCAGCATTAAGCGTCATCAT	GTGGACGTTGTGGGCGTCAGCAAAGGCCGCGGCTTTGCGAGCAGCATTAAGCGTCATCAT	0	60
seq88	GTCGATGTGATCGGTCGCTCGAAGGGCAAAGGCTTCCAGGGCGTTATGAAGAAGCACAAC	GTCGATGTGATCGGTCGCTCGAAGGGCAAAGGCTTCCAGGGCGTTATGAAGAAGCACAAC	0	60
seq89	ATTGATACTATCGGCGTATGTAAAGGTAAAGGATTCAGTGGTGTCGTAAGAAGATTTGGG	ATTGATACTATCGGCGTATGTAAAGGTAAAGGATTCAGTGGTGTCGTAAGAAGATTTGGG	0	60
seq90	GTTGACATCATTGGCACCTCGAAGGGCCGTGGTTTTGCTGGCGTTATCCGTCGCCACGGC	GTTGACATCATTGGCACCTCGAAGGGCCGTGGTTTTGCTGGCGTTATCCGTCGCCACGGC	0	60
seq91	GTGGATGTTACCGGAACTTCCATTGGTAAAGGTTTTCAGGGCGGCATGGTCCGCTGGAAT	GTGGATGTTACCGGAACTTCCATTGGTAAAGGTTTTCAGGGCGGCATGGTCCGCTGGAAT	0	60
seq92	GTCGACGTCGTCGGCACCAGCATCGGCAAAGGTTTTGCCGGCGGCATGAAGCGGTGGAAT	GTCGACGTCGTCGGCACCAGCATCGGCAAAGGTTTTGCCGGCGGCATGAAGCGGTGGAAT	0	60
seq93	GTGCAGGTCTCGGCAATTTCAAAAGGCCGCGGCTTTCAGGGCGTTGTTAAGCGCCACGGC	GTGCAGGTCTCGGCAATTTCAAAAGGCCGCGGCTTTCAGGGCGTTGTTAAGCGCCACGGC	0	60
seq94	GGCGATGTCTGTGGCACGACCATCGGCAAGGGCTTCGCCGGCGGCATGAAACGCTGGAAC	GGCGATGTCTGTGGCACGACCATCGGCAAGGGCTTCGCCGGCGGCATGAAACGCTGGAAC	0	60
seq95	GTTGATGTCGTGGGCATCACCAAAGGCCGCGGCACGGCGGGCGTGATGGTGCGGCACAAC	GTTGATGTCGTGGGCATCACCAAAGGCCGCGGCACGGCGGGCGTGATGGTGCGGCACAAC	0	60
seq96	GTGGACGTCATCGCCGTCTCCAAGGGCAAGGGCTTCACCGGAGCCATGAAGAGGCACAAG	GTGGACGTCATCGCCGTCTCCAAGGGCAAGGGCTTCACCGGAGCCATGAAGAGGCACAAG	0	60
seq97	GTAGACGTGATCGGCACTTCCAAGGGCCGTGGTTTTGCGGGCGTGGTCCGGCGTCACGGT	GTAGACGTGATCGGCACTTCCAAGGGCCGTGGTTTTGCGGGCGTGGTCCGGCGTCACGGT	0	60
seq98	GTCGATGTCATTGGAGTCAGCAAGGGGCACGGCTTTCAGGGTGTCGTGAAGCGCCATCAT	GTCGATGTCATTGGAGTCAGCAAGGGGCACGGCTTTCAGGGTGTCGTGAAGCGCCATCAT	0	60
seq99	GTCGACGTTGCCGGCGTGTCGAAAGGCAAGGGCTTCCAGGGCAAGATCAAGCGCTGGAAC	GTCGACGTTGCCGGCGTGTCGAAAGGCAAGGGCTTCCAGGGCAAGATCAAGCGCTGGAAC	0	60
seq100	GTCGACATCGTCGGTGTCAGCAAGGGCAAGGGTTTTCAGGGCGTGGTGAAGCGGCATCAT	GTCGACATCGTCGGTGTCAGCAAGGGCAAGGGTTTTCAGGGCGTGGTGAAGCGGCATCAT	0	60
